[2026-09-23 11:40:08.379] [] ========================================
[2026-09-23 11:40:08.416] [] LPS.APS 应用程序启动中...
[2026-09-23 11:40:08.416] [] ========================================
[2026-09-23 11:40:16.134] [] LPS.APS 应用程序启动完成
[2026-09-23 11:40:16.333] [Microsoft.Hosting.Lifetime] Now listening on: https://localhost:7044
[2026-09-23 11:40:16.334] [Microsoft.Hosting.Lifetime] Now listening on: http://localhost:5163
[2026-09-23 11:40:16.417] [Microsoft.Hosting.Lifetime] Application started. Press Ctrl+C to shut down.
[2026-09-23 11:40:16.417] [Microsoft.Hosting.Lifetime] Hosting environment: Development
[2026-09-23 11:40:16.418] [Microsoft.Hosting.Lifetime] Content root path: D:\WorkSpace_LocalLib\Windsurf WorkSpace\LPS_SVN\LPS.APS.Web
[2026-09-23 11:42:21.723] [] ========================================
[2026-09-23 11:42:21.762] [] LPS.APS 应用程序启动中...
[2026-09-23 11:42:21.763] [] ========================================
[2026-09-23 11:42:33.201] [] LPS.APS 应用程序启动完成
[2026-09-23 11:42:33.387] [Microsoft.Hosting.Lifetime] Now listening on: https://localhost:7044
[2026-09-23 11:42:33.388] [Microsoft.Hosting.Lifetime] Now listening on: http://localhost:5163
[2026-09-23 11:42:33.477] [Microsoft.Hosting.Lifetime] Application started. Press Ctrl+C to shut down.
[2026-09-23 11:42:33.478] [Microsoft.Hosting.Lifetime] Hosting environment: Development
[2026-09-23 11:42:33.478] [Microsoft.Hosting.Lifetime] Content root path: D:\WorkSpace_LocalLib\Windsurf WorkSpace\LPS_SVN\LPS.APS.Web
[2026-09-23 12:17:33.760] [] ========================================
[2026-09-23 12:17:33.797] [] LPS.APS 应用程序启动中...
[2026-09-23 12:17:33.798] [] ========================================
[2026-09-23 14:03:39.079] [] ========================================
[2026-09-23 14:03:39.115] [] LPS.APS 应用程序启动中...
[2026-09-23 14:03:39.116] [] ========================================
[2026-09-23 14:03:47.892] [] LPS.APS 应用程序启动完成
[2026-09-23 14:03:48.064] [Microsoft.Hosting.Lifetime] Now listening on: https://localhost:7044
[2026-09-23 14:03:48.065] [Microsoft.Hosting.Lifetime] Now listening on: http://localhost:5163
[2026-09-23 14:03:48.158] [Microsoft.Hosting.Lifetime] Application started. Press Ctrl+C to shut down.
[2026-09-23 14:03:48.158] [Microsoft.Hosting.Lifetime] Hosting environment: Development
[2026-09-23 14:03:48.159] [Microsoft.Hosting.Lifetime] Content root path: D:\WorkSpace_LocalLib\Windsurf WorkSpace\LPS_SVN\LPS.APS.Web
[2026-09-23 14:14:31.515] [] ========================================
[2026-09-23 14:14:31.550] [] LPS.APS 应用程序启动中...
[2026-09-23 14:14:31.550] [] ========================================
[2026-09-23 14:14:45.560] [] LPS.APS 应用程序启动完成
[2026-09-23 14:14:45.734] [Microsoft.Hosting.Lifetime] Now listening on: https://localhost:7044
[2026-09-23 14:14:45.735] [Microsoft.Hosting.Lifetime] Now listening on: http://localhost:5163
[2026-09-23 14:14:45.815] [Microsoft.Hosting.Lifetime] Application started. Press Ctrl+C to shut down.
[2026-09-23 14:14:45.816] [Microsoft.Hosting.Lifetime] Hosting environment: Development
[2026-09-23 14:14:45.816] [Microsoft.Hosting.Lifetime] Content root path: D:\WorkSpace_LocalLib\Windsurf WorkSpace\LPS_SVN\LPS.APS.Web
